// Jest Snapshot v1, https://goo.gl/fbAQLP

exports[`render Item Correctly 1`] = `
<View
  style={
    Array [
      Object {
        "flex": 1,
      },
      Object {
        "marginVertical": "2.5%",
      },
    ]
  }
>
  <RCTScrollView
    data={
      Array [
        Object {
          "data": Array [],
          "title": "Current Location",
        },
        Object {
          "data": Array [],
          "title": "Previous Location",
        },
      ]
    }
    getItem={[Function]}
    getItemCount={[Function]}
    keyExtractor={[Function]}
    onContentSizeChange={[Function]}
    onLayout={[Function]}
    onMomentumScrollBegin={[Function]}
    onMomentumScrollEnd={[Function]}
    onScroll={[Function]}
    onScrollBeginDrag={[Function]}
    onScrollEndDrag={[Function]}
    renderItem={[Function]}
    scrollEventThrottle={50}
    stickyHeaderIndices={
      Array [
        0,
        2,
      ]
    }
    testID="location-list"
  >
    <View>
      <View
        onLayout={[Function]}
        style={null}
      >
        <Text
          style={
            Array [
              Object {
                "fontSize": 24,
                "fontWeight": "bold",
              },
              Object {
                "marginHorizontal": "2.5%",
              },
            ]
          }
        >
          Current Location
        </Text>
      </View>
      <View
        onLayout={[Function]}
        style={null}
      />
      <View
        onLayout={[Function]}
        style={null}
      >
        <Text
          style={
            Array [
              Object {
                "fontSize": 24,
                "fontWeight": "bold",
              },
              Object {
                "marginHorizontal": "2.5%",
              },
            ]
          }
        >
          Previous Location
        </Text>
      </View>
      <View
        onLayout={[Function]}
        style={null}
      />
    </View>
  </RCTScrollView>
  <View
    style={
      Object {
        "paddingHorizontal": "2.5%",
      }
    }
  >
    <View
      accessibilityRole="button"
      accessible={true}
      collapsable={false}
      focusable={true}
      onClick={[Function]}
      onResponderGrant={[Function]}
      onResponderMove={[Function]}
      onResponderRelease={[Function]}
      onResponderTerminate={[Function]}
      onResponderTerminationRequest={[Function]}
      onStartShouldSetResponder={[Function]}
      style={
        Object {
          "opacity": 1,
        }
      }
    >
      <View
        style={
          Array [
            Object {},
          ]
        }
      >
        <Text
          style={
            Array [
              Object {
                "color": "#007AFF",
                "fontSize": 18,
                "margin": 8,
                "textAlign": "center",
              },
            ]
          }
        >
          Remove All
        </Text>
      </View>
    </View>
  </View>
</View>
`;
